// Jest Snapshot v1, https://goo.gl/fbAQLP

exports[`ErrorMessageComponent test ErrorMessageComponent should match snapshot 1`] = `
<div
  className="ant-row ant-form-item"
  style={Object {}}
>
  <div
    className="ant-col ant-form-item-control-wrapper"
    style={Object {}}
  >
    <div
      className="ant-form-item-control"
    >
      <span
        className="ant-form-item-children"
      />
    </div>
  </div>
</div>
`;
