// Jest Snapshot v1, https://goo.gl/fbAQLP

exports[`BreadcrumbComponent test BreadcrumbComponent should match snapshot 1`] = `
<div
  className="ant-breadcrumb"
  style={
    Object {
      "margin": "16px 0",
    }
  }
>
  <span>
    <span
      className="ant-breadcrumb-link"
    >
      e-Gildia Graczy
    </span>
    <span
      className="ant-breadcrumb-separator"
    >
      /
    </span>
  </span>
</div>
`;
